Warnings, critical warnings and errors from synthesis and implementation

Created: 2024-08-16 17:59:45

----SYNTHESIS----
WARNING: [Synth 8-6014] Unused sequential element set_x.inc_reg was removed.  [rtl/mouse_logic/MouseCtl.vhd:450]
WARNING: [Synth 8-6014] Unused sequential element set_x.x_inter_reg was removed.  [rtl/mouse_logic/MouseCtl.vhd:456]
WARNING: [Synth 8-6014] Unused sequential element set_y.inc_reg was removed.  [rtl/mouse_logic/MouseCtl.vhd:514]
WARNING: [Synth 8-6014] Unused sequential element set_y.y_inter_reg was removed.  [rtl/mouse_logic/MouseCtl.vhd:520]
WARNING: [Synth 8-7071] port 'zpos' of module 'MouseCtl' is unconnected for instance 'u_MouseCtl' [rtl/top_logic/top_vga.sv:105]
WARNING: [Synth 8-7071] port 'middle' of module 'MouseCtl' is unconnected for instance 'u_MouseCtl' [rtl/top_logic/top_vga.sv:105]
WARNING: [Synth 8-7071] port 'new_event' of module 'MouseCtl' is unconnected for instance 'u_MouseCtl' [rtl/top_logic/top_vga.sv:105]
WARNING: [Synth 8-7071] port 'value' of module 'MouseCtl' is unconnected for instance 'u_MouseCtl' [rtl/top_logic/top_vga.sv:105]
WARNING: [Synth 8-7071] port 'setx' of module 'MouseCtl' is unconnected for instance 'u_MouseCtl' [rtl/top_logic/top_vga.sv:105]
WARNING: [Synth 8-7071] port 'sety' of module 'MouseCtl' is unconnected for instance 'u_MouseCtl' [rtl/top_logic/top_vga.sv:105]
WARNING: [Synth 8-7071] port 'setmax_x' of module 'MouseCtl' is unconnected for instance 'u_MouseCtl' [rtl/top_logic/top_vga.sv:105]
WARNING: [Synth 8-7071] port 'setmax_y' of module 'MouseCtl' is unconnected for instance 'u_MouseCtl' [rtl/top_logic/top_vga.sv:105]
WARNING: [Synth 8-7023] instance 'u_MouseCtl' of module 'MouseCtl' has 16 connections declared, but only 8 given [rtl/top_logic/top_vga.sv:105]
WARNING: [Synth 8-3848] Net xpos in module/entity top_vga does not have driver. [rtl/top_logic/top_vga.sv:44]
WARNING: [Synth 8-3848] Net ypos in module/entity top_vga does not have driver. [rtl/top_logic/top_vga.sv:45]
WARNING: [Synth 8-7129] Port endgame in module draw_obstacle_ctl is either unconnected or has no load
WARNING: [Synth 8-7080] Parallel synthesis criteria is not met
WARNING: [Synth 8-7129] Port endgame in module draw_obstacle_ctl is either unconnected or has no load

----IMPLEMENTATION----
WARNING: [Route 35-328] Router estimated timing not met.
CRITICAL WARNING: [Timing 38-282] The design failed to meet the timing requirements. Please see the timing summary report for details on the timing violations.
